// Jest Snapshot v1, https://goo.gl/fbAQLP

exports[`card should render header correctly 1`] = `
<DocumentFragment>
  <div
    class="header"
  >
    <div
      class="header-wrapper"
    >
      <span
        class="header-title"
        data-testid="evenity-text"
      >
        EVENTIFY
      </span>
    </div>
  </div>
</DocumentFragment>
`;
