// Jest Snapshot v1, https://goo.gl/fbAQLP

exports[`card should render filterComponent correctly 1`] = `
<DocumentFragment>
  <div
    class="body-content"
  >
    <div
      class="body-content-wrapper"
    >
      <div
        class="filter-component-wrapper"
      >
        <div
          class="body-header"
        >
          <form>
            <legend>
              FILTER
            </legend>
            <input
              id="ALL"
              name="filter"
              type="radio"
              value="ALL"
            />
            <label
              for="ALL"
            >
              ALL
            </label>
            <br />
            <input
              id="BOOKMARKED"
              name="filter"
              type="radio"
              value="BOOKMARKED"
            />
            <label
              for="BOOKMARKED"
            >
              BOOKMARKED
            </label>
            <br />
            <input
              id="REGISTERED"
              name="filter"
              type="radio"
              value="REGISTERED"
            />
            <label
              for="REGISTERED"
            >
              REGISTERED
            </label>
            <br />
            <input
              id="SEATS AVAILABLE"
              name="filter"
              type="radio"
              value="SEATS AVAILABLE"
            />
            <label
              for="SEATS AVAILABLE"
            >
              SEATS AVAILABLE
            </label>
            <br />
            <br />
          </form>
          <div
            class="searchbar-lens"
          >
            <input
              class="search-box"
              name="input"
              placeholder="EVENT NAME"
              value=""
            />
            <svg
              aria-hidden="true"
              class="svg-inline--fa fa-magnifying-glass search-button"
              data-icon="magnifying-glass"
              data-prefix="fas"
              focusable="false"
              role="img"
              viewBox="0 0 512 512"
              xmlns="http://www.w3.org/2000/svg"
            >
              <path
                d="M416 208c0 45.9-14.9 88.3-40 122.7L502.6 457.4c12.5 12.5 12.5 32.8 0 45.3s-32.8 12.5-45.3 0L330.7 376c-34.4 25.2-76.8 40-122.7 40C93.1 416 0 322.9 0 208S93.1 0 208 0S416 93.1 416 208zM208 352a144 144 0 1 0 0-288 144 144 0 1 0 0 288z"
                fill="currentColor"
              />
            </svg>
          </div>
        </div>
      </div>
      <div
        class="all-event-card-container"
      >
        <div
          class="card"
        >
          <div
            class="card-wrapper"
          >
            <div
              class="card-top-section"
            >
              <img
                alt=""
                class="card-top-section-image"
                data-testid="clickable-area"
                src="https://i.ibb.co/3zbdvWX/battle-of-bands.jpg"
              />
            </div>
            <div
              class="card-middle-section"
            >
              <span
                class="card-event-name"
              >
                Battle of the Bands
              </span>
              <span
                class="card-event-description"
              >
                Get ready for Battle of the Bands, where the hottest up-and-coming rock groups will compete for the ultimate prize. With heart-pumping beats and electrifying performances, you won't want to miss this adrenaline-fueled event. Each band will bring their A-game, leaving everything on the stage for the chance to be crowned champion. Don't miss out on the most unforgettable rock competition of the year!
              </span>
              <span
                class="full-card-evnt-venue"
              >
                <span
                  class="venue-title"
                >
                  VENUE:
                </span>
                 All Stars Arena, Las Vegas, NV, USA
              </span>
              <span
                class="full-card-evnt-venue"
              >
                <span
                  class="date-title"
                >
                  DATE:
                </span>
                 2023-03-01T05:00:00.000Z
              </span>
            </div>
            <div
              class="card-bottom-section"
            >
              <div
                class="card-bottom-upper"
              >
                <div
                  class="card-bottom-upper-left"
                >
                  <svg
                    aria-hidden="true"
                    class="svg-inline--fa fa-circle-check tick-icon"
                    data-icon="circle-check"
                    data-prefix="fas"
                    focusable="false"
                    role="img"
                    viewBox="0 0 512 512"
                    xmlns="http://www.w3.org/2000/svg"
                  >
                    <path
                      d="M256 512c141.4 0 256-114.6 256-256S397.4 0 256 0S0 114.6 0 256S114.6 512 256 512zM369 209L241 337c-9.4 9.4-24.6 9.4-33.9 0l-64-64c-9.4-9.4-9.4-24.6 0-33.9s24.6-9.4 33.9 0l47 47L335 175c9.4-9.4 24.6-9.4 33.9 0s9.4 24.6 0 33.9z"
                      fill="currentColor"
                    />
                  </svg>
                  <span
                    class="registration-status-text"
                  >
                    REGISTERED
                  </span>
                </div>
                <div
                  class="card-bottom-upper-right"
                >
                  <svg
                    aria-hidden="true"
                    class="svg-inline--fa fa-bookmark "
                    data-icon="bookmark"
                    data-prefix="fas"
                    focusable="false"
                    role="img"
                    viewBox="0 0 384 512"
                    xmlns="http://www.w3.org/2000/svg"
                  >
                    <path
                      d="M0 48V487.7C0 501.1 10.9 512 24.3 512c5 0 9.9-1.5 14-4.4L192 400 345.7 507.6c4.1 2.9 9 4.4 14 4.4c13.4 0 24.3-10.9 24.3-24.3V48c0-26.5-21.5-48-48-48H48C21.5 0 0 21.5 0 48z"
                      fill="currentColor"
                    />
                  </svg>
                </div>
              </div>
            </div>
          </div>
        </div>
      </div>
    </div>
  </div>
</DocumentFragment>
`;
